# m5.12xlarge 48vCPU 192GiB RAM io1 500GiB x4 Raid0, provision IOPS 11000 x4 = 44000
# i-05ebe4cb95e904cab
```bash
Root device
/dev/xvda
Block devices
/dev/xvda
/dev/sdb
/dev/sdc
/dev/sdd
/dev/sde
```

#  create a 4-volume stripe - Raid0
```bash
##Use the lsblk command to view your available disk devices and their mount points
[ec2-user@ip-10-0-0-123 ~]$ sudo lsblk
NAME          MAJ:MIN RM  SIZE RO TYPE MOUNTPOINT
nvme1n1       259:0    0  500G  0 disk
nvme3n1       259:1    0  500G  0 disk
nvme2n1       259:2    0  500G  0 disk
nvme4n1       259:3    0  500G  0 disk
nvme0n1       259:4    0   20G  0 disk
├─nvme0n1p1   259:5    0   20G  0 part /
└─nvme0n1p128 259:6    0    1M  0 part

## create a 4-volume stripe
[ec2-user@ip-10-0-0-123 ~]$ sudo mdadm --create /dev/md0 --level=0 --chunk=64 --raid-devices=4 /dev/nvme1n1 /dev/nvme2n1 /dev/nvme3n1 /dev/nvme4n1
mdadm: Defaulting to version 1.2 metadata
mdadm: array /dev/md0 started.

## Allow time for the RAID array to initialize and synchronize. 
[ec2-user@ip-10-0-0-123 ~]$ sudo cat /proc/mdstat
Personalities : [raid0]
md0 : active raid0 nvme4n1[3] nvme3n1[2] nvme2n1[1] nvme1n1[0]
      12582387712 blocks super 1.2 64k chunks

unused devices: <none>


[ec2-user@ip-10-0-0-123 ~]$ sudo mdadm --detail /dev/md0
/dev/md0:
           Version : 1.2
     Creation Time : Thu Aug  8 04:36:39 2019
        Raid Level : raid0
        Array Size : 2096627712 (1999.50 GiB 2146.95 GB)
      Raid Devices : 4
     Total Devices : 4
       Persistence : Superblock is persistent

       Update Time : Thu Aug  8 04:36:39 2019
             State : clean
    Active Devices : 4
   Working Devices : 4
    Failed Devices : 0
     Spare Devices : 0

        Chunk Size : 64K

Consistency Policy : none

              Name : 0
              UUID : ffb4a95c:2881f17b:80c24773:535a5879
            Events : 0

    Number   Major   Minor   RaidDevice State
       0     259        0        0      active sync   /dev/sdd
       1     259        2        1      active sync   /dev/sde
       2     259        1        2      active sync   /dev/sdb
       3     259        3        3      active sync   /dev/sdc

[ec2-user@ip-10-0-0-123 ~]$ sudo lsblk
NAME          MAJ:MIN RM  SIZE RO TYPE  MOUNTPOINT
nvme1n1       259:0    0  500G  0 disk
└─md0           9:0    0    2T  0 raid0
nvme3n1       259:1    0  500G  0 disk
└─md0           9:0    0    2T  0 raid0
nvme2n1       259:2    0  500G  0 disk
└─md0           9:0    0    2T  0 raid0
nvme4n1       259:3    0  500G  0 disk
└─md0           9:0    0    2T  0 raid0
nvme0n1       259:4    0   20G  0 disk
├─nvme0n1p1   259:5    0   20G  0 part  /
└─nvme0n1p128 259:6    0    1M  0 part

##use the mkfs -t command to create a file system on the volume
[ec2-user@ip-10-0-0-123 ~]$ sudo mkdir -p /mnt/p_iops_vol0 && sudo mkfs.xfs -L MY_RAID /dev/md0
meta-data=/dev/md0               isize=512    agcount=32, agsize=16379888 blks
         =                       sectsz=512   attr=2, projid32bit=1
         =                       crc=1        finobt=1, sparse=0
data     =                       bsize=4096   blocks=524156416, imaxpct=5
         =                       sunit=16     swidth=64 blks
naming   =version 2              bsize=4096   ascii-ci=0 ftype=1
log      =internal log           bsize=4096   blocks=255936, version=2
         =                       sectsz=512   sunit=16 blks, lazy-count=1
realtime =none                   extsz=4096   blocks=0, rtextents=0


##To ensure that the RAID array is reassembled automatically on boot, create a configuration file to contain the RAID information:
[ec2-user@ip-10-0-0-123 ~]$ sudo mdadm --detail --scan | sudo tee -a /etc/mdadm.conf
ARRAY /dev/md0 metadata=1.2 name=0 UUID=ffb4a95c:2881f17b:80c24773:535a5879

##Create a new ramdisk image to properly preload the block device modules for your new RAID configuration:
[ec2-user@ip-10-0-0-123 ~]$ sudo dracut -H -f /boot/initramfs-$(uname -r).img $(uname -r)

##mount the volume
[ec2-user@ip-10-0-0-123 ~]$ sudo mount -t xfs /dev/md0 /mnt/p_iops_vol0
[ec2-user@ip-10-0-0-123 ~]$ sudo chown ec2-user:ec2-user /mnt/p_iops_vol0/
[ec2-user@ip-10-0-0-123 ~]$ sudo lsblk
NAME          MAJ:MIN RM  SIZE RO TYPE  MOUNTPOINT
nvme1n1       259:0    0  500G  0 disk
└─md0           9:0    0    2T  0 raid0 /mnt/p_iops_vol0
nvme3n1       259:1    0  500G  0 disk
└─md0           9:0    0    2T  0 raid0 /mnt/p_iops_vol0
nvme2n1       259:2    0  500G  0 disk
└─md0           9:0    0    2T  0 raid0 /mnt/p_iops_vol0
nvme4n1       259:3    0  500G  0 disk
└─md0           9:0    0    2T  0 raid0 /mnt/p_iops_vol0
nvme0n1       259:4    0   20G  0 disk
├─nvme0n1p1   259:5    0   20G  0 part  /
└─nvme0n1p128 259:6    0    1M  0 part
[ec2-user@ip-10-0-0-123 ~]$ df -h
Filesystem      Size  Used Avail Use% Mounted on
devtmpfs         93G     0   93G   0% /dev
tmpfs            93G     0   93G   0% /dev/shm
tmpfs            93G  648K   93G   1% /run
tmpfs            93G     0   93G   0% /sys/fs/cgroup
/dev/nvme0n1p1   20G  1.4G   19G   7% /
tmpfs            19G     0   19G   0% /run/user/0
tmpfs            19G     0   19G   0% /run/user/1000
/dev/md0        2.0T  2.1G  2.0T   1% /mnt/p_iops_vol0


##Automatically Mount an Attached Volume After Reboot
##Create a backup of your /etc/fstab file
sudo cp /etc/fstab /etc/fstab.orig


##Add the following entry to /etc/fstab to mount the device at the specified mount point.
sudo vim /etc/fstab
LABEL=MY_RAID       /mnt/p_iops_vol0   xfs    defaults,nofail        0       2

##To verify that your entry works
[ec2-user@ip-10-0-0-123 ~]$ sudo umount /mnt/p_iops_vol0
[ec2-user@ip-10-0-0-123 ~]$ sudo mount -a
[ec2-user@ip-10-0-0-123 ~]$ df -h
```

# Run the testing
## Prepare
```bash
## install XFS file system support
[ec2-user@ip-10-0-0-123 ~]$ sudo yum install -y xfsprogs
Loaded plugins: extras_suggestions, langpacks, priorities, update-motd
Package xfsprogs-4.5.0-18.amzn2.0.1.x86_64 already installed and latest version
Nothing to do

## Install Benchmark Tools
[ec2-user ~]$ sudo yum install -y fio

## Disable C-States
[ec2-user@ip-10-0-0-123 ~]$ sudo cpupower idle-info | grep "Number of idle states:"
Number of idle states: 4
[ec2-user@ip-10-0-0-123 ~]$ N=4
[ec2-user@ip-10-0-0-123 ~]$ for i in `seq 1 $((N-1))`; do sudo cpupower idle-set -d $i; done
[ec2-user@ip-10-0-0-123 ~]$ sudo cpupower idle-info | grep "Number of idle states:"
```

## performs 16 KB random write operations
```bash
sudo fio --ioengine=libaio --iodepth=32 --refill_buffers --randrepeat=0 --directory=/mnt/p_iops_vol0 --name fio_test_file --direct=1 --rw=randwrite --bs=16k --size=1G --numjobs=16 --time_based --runtime=180 --group_reporting --norandommap
fio_test_file: (groupid=0, jobs=16): err= 0: pid=20146: Thu Aug  8 10:19:50 2019
  write: io=113122MB, bw=643512KB/s, iops=40219, runt=180007msec
    slat (usec): min=3, max=1418.1K, avg=333.81, stdev=1727.79
    clat (usec): min=428, max=1448.9K, avg=12392.99, stdev=8947.06
     lat (usec): min=434, max=1448.1K, avg=12726.80, stdev=9316.75
    clat percentiles (usec):
     |  1.00th=[  836],  5.00th=[ 1704], 10.00th=[ 2672], 20.00th=[ 5024],
     | 30.00th=[ 8256], 40.00th=[10176], 50.00th=[11584], 60.00th=[12864],
     | 70.00th=[14656], 80.00th=[18048], 90.00th=[23424], 95.00th=[26752],
     | 99.00th=[36096], 99.50th=[39168], 99.90th=[46848], 99.95th=[50432],
     | 99.99th=[68096]
    lat (usec) : 500=0.01%, 750=0.71%, 1000=0.89%
    lat (msec) : 2=4.91%, 4=9.63%, 10=22.61%, 20=44.82%, 50=16.36%
    lat (msec) : 100=0.05%, 250=0.01%, 1000=0.01%, 2000=0.01%
  cpu          : usr=1.04%, sys=1.51%, ctx=2563271, majf=0, minf=150
  IO depths    : 1=0.1%, 2=0.1%, 4=0.1%, 8=0.1%, 16=0.1%, 32=100.0%, >=64=0.0%
     submit    : 0=0.0%, 4=100.0%, 8=0.0%, 16=0.0%, 32=0.0%, 64=0.0%, >=64=0.0%
     complete  : 0=0.0%, 4=100.0%, 8=0.0%, 16=0.0%, 32=0.1%, 64=0.0%, >=64=0.0%
     issued    : total=r=0/w=7239793/d=0, short=r=0/w=0/d=0, drop=r=0/w=0/d=0
     latency   : target=0, window=0, percentile=100.00%, depth=32

Run status group 0 (all jobs):
  WRITE: io=113122MB, aggrb=643512KB/s, minb=643512KB/s, maxb=643512KB/s, mint=180007msec, maxt=180007msec

Disk stats (read/write):
    md0: ios=4/7238630, merge=0/0, ticks=0/0, in_queue=0, util=0.00%, aggrios=1/1811057, aggrmerge=0/0, aggrticks=2/11799807, aggrin_queue=11706656, aggrutil=99.81%
  nvme3n1: ios=0/1811202, merge=0/0, ticks=0/12895472, in_queue=12797960, util=99.79%
  nvme2n1: ios=0/1810971, merge=0/1, ticks=0/10878036, in_queue=10785800, util=99.78%
  nvme5n1: ios=4/1809221, merge=0/0, ticks=8/13582608, in_queue=13499696, util=99.81%
  nvme4n1: ios=0/1812834, merge=0/0, ticks=0/9843112, in_queue=9743168, util=99.70%

# without --ioengine=libaio --iodepth=32
sudo fio --directory=/mnt/p_iops_vol0 --name fio_test_file --direct=1 --rw=randwrite --bs=16k --size=1G --numjobs=16 --time_based --runtime=180 --group_reporting --norandommap
fio_test_file: (groupid=0, jobs=16): err= 0: pid=48755: Thu Aug  8 04:43:34 2019
  write: io=79880MB, bw=454425KB/s, iops=28401, runt=180001msec
    clat (usec): min=390, max=34851, avg=562.70, stdev=133.81
     lat (usec): min=391, max=34852, avg=562.92, stdev=133.81
    clat percentiles (usec):
     |  1.00th=[  454],  5.00th=[  474], 10.00th=[  486], 20.00th=[  502],
     | 30.00th=[  516], 40.00th=[  532], 50.00th=[  548], 60.00th=[  564],
     | 70.00th=[  580], 80.00th=[  612], 90.00th=[  652], 95.00th=[  692],
     | 99.00th=[  788], 99.50th=[  876], 99.90th=[ 1368], 99.95th=[ 2768],
     | 99.99th=[ 5728]
    lat (usec) : 500=17.59%, 750=80.74%, 1000=1.41%
    lat (msec) : 2=0.19%, 4=0.04%, 10=0.03%, 20=0.01%, 50=0.01%
  cpu          : usr=0.24%, sys=1.72%, ctx=5115737, majf=0, minf=147
  IO depths    : 1=100.0%, 2=0.0%, 4=0.0%, 8=0.0%, 16=0.0%, 32=0.0%, >=64=0.0%
     submit    : 0=0.0%, 4=100.0%, 8=0.0%, 16=0.0%, 32=0.0%, 64=0.0%, >=64=0.0%
     complete  : 0=0.0%, 4=100.0%, 8=0.0%, 16=0.0%, 32=0.0%, 64=0.0%, >=64=0.0%
     issued    : total=r=0/w=5112308/d=0, short=r=0/w=0/d=0, drop=r=0/w=0/d=0
     latency   : target=0, window=0, percentile=100.00%, depth=1

Run status group 0 (all jobs):
  WRITE: io=79880MB, aggrb=454424KB/s, minb=454424KB/s, maxb=454424KB/s, mint=180001msec, maxt=180001msec

Disk stats (read/write):
    md0: ios=16/5111390, merge=0/0, ticks=0/0, in_queue=0, util=0.00%, aggrios=4/1278900, aggrmerge=0/0, aggrticks=3/705366, aggrin_queue=603307, aggrutil=97.58%
  nvme3n1: ios=4/1279063, merge=0/0, ticks=4/699928, in_queue=598780, util=97.24%
  nvme2n1: ios=4/1280171, merge=0/0, ticks=0/721552, in_queue=618680, util=97.58%
  nvme1n1: ios=4/1277893, merge=0/1, ticks=4/704292, in_queue=601848, util=97.23%
  nvme4n1: ios=4/1278475, merge=0/0, ticks=4/695692, in_queue=593920, util=97.09%
```

## performs 16 KB random read operations
```
sudo fio --ioengine=libaio --iodepth=32 --refill_buffers --randrepeat=0 --directory=/mnt/p_iops_vol0 --name fio_test_file --direct=1 --rw=randread --bs=16k --size=1G --numjobs=16 --time_based --runtime=180 --group_reporting --norandommap 
fio_test_file: (groupid=0, jobs=16): err= 0: pid=48834: Thu Aug  8 04:47:24 2019
  read : io=113332MB, bw=644731KB/s, iops=40295, runt=180001msec
    clat (usec): min=2, max=182815, avg=396.68, stdev=428.26
     lat (usec): min=2, max=182815, avg=396.71, stdev=428.26
    clat percentiles (usec):
     |  1.00th=[  211],  5.00th=[  239], 10.00th=[  258], 20.00th=[  282],
     | 30.00th=[  314], 40.00th=[  342], 50.00th=[  374], 60.00th=[  406],
     | 70.00th=[  438], 80.00th=[  482], 90.00th=[  548], 95.00th=[  612],
     | 99.00th=[  756], 99.50th=[  836], 99.90th=[ 2352], 99.95th=[ 3408],
     | 99.99th=[10432]
    lat (usec) : 4=0.18%, 10=0.04%, 20=0.01%, 250=7.76%, 500=75.06%
    lat (usec) : 750=15.92%, 1000=0.75%
    lat (msec) : 2=0.15%, 4=0.09%, 10=0.03%, 20=0.01%, 50=0.01%
    lat (msec) : 100=0.01%, 250=0.01%
  cpu          : usr=0.24%, sys=1.77%, ctx=7237221, majf=0, minf=208
  IO depths    : 1=100.0%, 2=0.0%, 4=0.0%, 8=0.0%, 16=0.0%, 32=0.0%, >=64=0.0%
     submit    : 0=0.0%, 4=100.0%, 8=0.0%, 16=0.0%, 32=0.0%, 64=0.0%, >=64=0.0%
     complete  : 0=0.0%, 4=100.0%, 8=0.0%, 16=0.0%, 32=0.0%, 64=0.0%, >=64=0.0%
     issued    : total=r=7253261/w=0/d=0, short=r=0/w=0/d=0, drop=r=0/w=0/d=0
     latency   : target=0, window=0, percentile=100.00%, depth=1

Run status group 0 (all jobs):
   READ: io=113332MB, aggrb=644730KB/s, minb=644730KB/s, maxb=644730KB/s, mint=180001msec, maxt=180001msec

Disk stats (read/write):
    md0: ios=7228257/115, merge=0/0, ticks=0/0, in_queue=0, util=0.00%, aggrios=1809285/27, aggrmerge=0/4, aggrticks=705080/30, aggrin_queue=600783, aggrutil=97.01%
  nvme3n1: ios=1809975/22, merge=0/0, ticks=684224/24, in_queue=579308, util=95.72%
  nvme2n1: ios=1810348/29, merge=0/6, ticks=698796/24, in_queue=594748, util=96.20%
  nvme1n1: ios=1807372/32, merge=0/9, ticks=727548/36, in_queue=623388, util=97.01%
  nvme4n1: ios=1809448/28, merge=0/1, ticks=709752/36, in_queue=605688, util=96.46%
```